// Vitest Snapshot v1

exports[`should render correctly 1`] = `
<div>
  <div
    style="font-family: system-ui, sans-serif; line-height: 1.4;"
  >
    <h1
      class="text-3xl font-bold underline"
    >
      Hello world!
    </h1>
    <h1>
      Welcome to Remix
    </h1>
    <ul>
      <li>
        <a
          href="https://remix.run/tutorials/blog"
          rel="noreferrer"
          target="_blank"
        >
          15m Quickstart Blog Tutorial
        </a>
      </li>
      <li>
        <a
          href="https://remix.run/tutorials/jokes"
          rel="noreferrer"
          target="_blank"
        >
          Deep Dive Jokes App Tutorial
        </a>
      </li>
      <li>
        <a
          href="https://remix.run/docs"
          rel="noreferrer"
          target="_blank"
        >
          Remix Docs
        </a>
      </li>
    </ul>
  </div>
</div>
`;
